bun : $ jest test/fullInfoMode.test.ts
At line:1 char:1
+ bun run test test/fullInfoMode.test.ts > test_output.txt 2>&1
+ ~~~~~~~~~~~~~~~~~~~~~~~~~~~~~~~~~~~~~~~~~~~~~~~~~~~~~~~~~~~~~
    + CategoryInfo          : NotSpecified: ($ jest test/fullInfoMode.test.ts:String) [], Remote 
   Exception
    + FullyQualifiedErrorId : NativeCommandError
 
FAIL test/fullInfoMode.test.ts
  Full Information Mode
    Toggle Switch UI
      √ should render toggle switch in settings modal (4 ms)
    Settings Persistence
      √ should save full info mode to chrome storage (2 ms)
      √ should load full info mode from chrome storage on startup (1 ms)
    Background Script Communication
      × should send SET_FULL_INFO_MODE message to background script (1 ms)
      × should send message with enabled: false when toggle is off (1 ms)
    Mode States
      × should default to reduced mode (fullInfoMode = false) (2 ms)
      × should enable full information mode when checkbox is checked
      √ should capture minimal info when full info mode is off (1 ms)
      √ should capture full info when full info mode is on (2 ms)

  ● Full Information Mode › Background Script Communication › should send SET_FULL_INFO_MODE 
message to background script

    TypeError: Cannot set properties of null (setting 'checked')

    [0m [90m 120 |[39m     it([32m"should send SET_FULL_INFO_MODE message to background 
script"[39m[33m,[39m [36masync[39m () [33m=>[39m {
     [90m 121 |[39m       [36mconst[39m checkbox [33m=[39m 
document[33m.[39mgetElementById([32m"fullInfoMode"[39m) [36mas[39m 
[33mHTMLInputElement[39m[33m;[39m
    [31m[1m>[22m[39m[90m 122 |[39m       checkbox[33m.[39mchecked [33m=[39m 
[36mtrue[39m[33m;[39m
     [90m     |[39m                       [31m[1m^[22m[39m
     [90m 123 |[39m
     [90m 124 |[39m       [36mawait[39m chrome[33m.[39mruntime[33m.[39msendMessage({
     [90m 125 |[39m         type[33m:[39m [32m"SET_FULL_INFO_MODE"[39m[33m,[39m[0m

      at Object.<anonymous> (test/fullInfoMode.test.ts:122:23)

  ● Full Information Mode › Background Script Communication › should send message with enabled: 
false when toggle is off

    TypeError: Cannot set properties of null (setting 'checked')

    [0m [90m 135 |[39m     it([32m"should send message with enabled: false when toggle is 
off"[39m[33m,[39m [36masync[39m () [33m=>[39m {
     [90m 136 |[39m       [36mconst[39m checkbox [33m=[39m 
document[33m.[39mgetElementById([32m"fullInfoMode"[39m) [36mas[39m 
[33mHTMLInputElement[39m[33m;[39m
    [31m[1m>[22m[39m[90m 137 |[39m       checkbox[33m.[39mchecked [33m=[39m 
[36mfalse[39m[33m;[39m
     [90m     |[39m                       [31m[1m^[22m[39m
     [90m 138 |[39m
     [90m 139 |[39m       [36mawait[39m chrome[33m.[39mruntime[33m.[39msendMessage({
     [90m 140 |[39m         type[33m:[39m [32m"SET_FULL_INFO_MODE"[39m[33m,[39m[0m

      at Object.<anonymous> (test/fullInfoMode.test.ts:137:23)

  ● Full Information Mode › Mode States › should default to reduced mode (fullInfoMode = false)

    expect(received).toBe(expected) // Object.is equality

    Expected: false
    Received: undefined

    [0m [90m 152 |[39m     it([32m"should default to reduced mode (fullInfoMode = 
false)"[39m[33m,[39m () [33m=>[39m {
     [90m 153 |[39m       [36mconst[39m checkbox [33m=[39m 
document[33m.[39mgetElementById([32m"fullInfoMode"[39m) [36mas[39m 
[33mHTMLInputElement[39m[33m;[39m
    [31m[1m>[22m[39m[90m 154 |[39m       
expect(checkbox[33m?[39m[33m.[39mchecked)[33m.[39mtoBe([36mfalse[39m)[33m;[39m
     [90m     |[39m                                 [31m[1m^[22m[39m
     [90m 155 |[39m     })[33m;[39m
     [90m 156 |[39m
     [90m 157 |[39m     it([32m"should enable full information mode when checkbox is 
checked"[39m[33m,[39m () [33m=>[39m {[0m

      at Object.<anonymous> (test/fullInfoMode.test.ts:154:33)

  ● Full Information Mode › Mode States › should enable full information mode when checkbox is 
checked

    TypeError: Cannot set properties of null (setting 'checked')

    [0m [90m 157 |[39m     it([32m"should enable full information mode when checkbox is 
checked"[39m[33m,[39m () [33m=>[39m {
     [90m 158 |[39m       [36mconst[39m checkbox [33m=[39m 
document[33m.[39mgetElementById([32m"fullInfoMode"[39m) [36mas[39m 
[33mHTMLInputElement[39m[33m;[39m
    [31m[1m>[22m[39m[90m 159 |[39m       checkbox[33m.[39mchecked [33m=[39m 
[36mtrue[39m[33m;[39m
     [90m     |[39m                       [31m[1m^[22m[39m
     [90m 160 |[39m       
     [90m 161 |[39m       
expect(checkbox[33m?[39m[33m.[39mchecked)[33m.[39mtoBe([36mtrue[39m)[33m;[39m
     [90m 162 |[39m     })[33m;[39m[0m

      at Object.<anonymous> (test/fullInfoMode.test.ts:159:23)

Test Suites: 1 failed, 1 total
Tests:       4 failed, 5 passed, 9 total
Snapshots:   0 total
Time:        3.041 s
Ran all test suites matching test/fullInfoMode.test.ts.
error: script "test" exited with code 1
